apiVersion: apps/v1
kind: Deployment
metadata:
  labels:
    app: etcd
  name: etcd-deployment
spec:
  replicas: 3
  selector:
    matchLabels:
      app: etcd
  template:
    metadata:
      labels:
        app: etcd
    spec:
      containers:
      - image: docker.io/library/etcd:tag
        name: etcd
        ports:
        - containerPort: 80